// Jest Snapshot v1, https://goo.gl/fbAQLP

exports[`Home should match the snapshot with all the data passed in 1`] = `
<section
  className="Home"
>
  <ConnectFunction
    key="0"
    m={
      Object {
        "title": "Back to the Future",
      }
    }
  />
  <ConnectFunction
    key="1"
    m={
      Object {
        "title": "Braveheart",
      }
    }
  />
</section>
`;
