// Jest Snapshot v1, https://goo.gl/fbAQLP

exports[`Home should match the snapshot with all the data passed in 1`] = `
<section
  className="Home"
>
  <Link
    to="/movies/undefined"
  >
    <ConnectFunction
      m={
        Object {
          "title": "Back to the Future",
        }
      }
    />
     
  </Link>
  <Link
    to="/movies/undefined"
  >
    <ConnectFunction
      m={
        Object {
          "title": "Braveheart",
        }
      }
    />
     
  </Link>
</section>
`;
