// Jest Snapshot v1, https://goo.gl/fbAQLP

exports[`Card should match the snapshot with all the data passed in 1`] = `
<div
  className="Card"
>
  <i
    className="fas fa-heart fa-2x"
    onClick={[Function]}
  />
  <Link
    to="/movies/undefined"
  >
    <img
      alt="IT poster"
    />
  </Link>
</div>
`;
